// Jest Snapshot v1, https://goo.gl/fbAQLP

exports[`App snapshot 1`] = `
<Fragment>
  <div
    className="outer"
  >
    Test
  </div>
  <div
    className="inner"
  >
    Test
  </div>
</Fragment>
`;
